// Jest Snapshot v1, https://goo.gl/fbAQLP

exports[`Mission container -  matches the snapshot 1`] = `
<div>
  <div
    className="header"
  >
    <div
      className="d-flex flex-column align-items-center"
    >
      <h1>
        Launch Missions
      </h1>
      <div>
        <form
          className="d-flex flex-wrap justify-content-center ml-5"
        >
          <div
            className="d-flex align-items-center flex-row mx-5 form-group"
          >
            <label
              className="pr-3 form-label"
              htmlFor="exampleForm.SelectCustom"
            >
              Year
            </label>
            <select
              className="custom-select"
              id="exampleForm.SelectCustom"
              name="year"
              onChange={[Function]}
            >
              <option
                value="All"
              >
                All
              </option>
              <option
                value={2000}
              >
                2000
              </option>
              <option
                value={2001}
              >
                2001
              </option>
              <option
                value={2002}
              >
                2002
              </option>
              <option
                value={2003}
              >
                2003
              </option>
              <option
                value={2004}
              >
                2004
              </option>
              <option
                value={2005}
              >
                2005
              </option>
              <option
                value={2006}
              >
                2006
              </option>
              <option
                value={2007}
              >
                2007
              </option>
              <option
                value={2008}
              >
                2008
              </option>
              <option
                value={2009}
              >
                2009
              </option>
              <option
                value={2010}
              >
                2010
              </option>
              <option
                value={2011}
              >
                2011
              </option>
              <option
                value={2012}
              >
                2012
              </option>
              <option
                value={2013}
              >
                2013
              </option>
              <option
                value={2014}
              >
                2014
              </option>
              <option
                value={2015}
              >
                2015
              </option>
              <option
                value={2016}
              >
                2016
              </option>
              <option
                value={2017}
              >
                2017
              </option>
              <option
                value={2018}
              >
                2018
              </option>
              <option
                value={2019}
              >
                2019
              </option>
              <option
                value={2020}
              >
                2020
              </option>
              <option
                value={2021}
              >
                2021
              </option>
            </select>
          </div>
          <div
            className="d-flex align-items-center flex-row mx-5 form-group"
          >
            <label
              className="pr-3 form-label"
              htmlFor="exampleForm.SelectCustom"
            >
              Lauch success
            </label>
            <select
              className="custom-select"
              id="exampleForm.SelectCustom"
              name="successCase"
              onChange={[Function]}
            >
              <option
                value="All"
              >
                All
              </option>
              <option
                value="Yes"
              >
                Yes
              </option>
              <option
                value="No"
              >
                No
              </option>
            </select>
          </div>
        </form>
      </div>
    </div>
  </div>
  <div
    className="d-flex flex-wrap justify-content-center"
  />
</div>
`;

exports[`Mission container-  matches the snapshot 1`] = `
<div>
  <div
    className="header"
  >
    <div
      className="d-flex flex-column align-items-center"
    >
      <h1>
        Launch Missions
      </h1>
      <div>
        <form
          className="d-flex flex-wrap justify-content-center ml-5"
        >
          <div
            className="d-flex align-items-center flex-row mx-5 form-group"
          >
            <label
              className="pr-3 form-label"
              htmlFor="exampleForm.SelectCustom"
            >
              Year
            </label>
            <select
              className="custom-select"
              id="exampleForm.SelectCustom"
              name="year"
              onChange={[Function]}
            >
              <option
                value="All"
              >
                All
              </option>
              <option
                value={2000}
              >
                2000
              </option>
              <option
                value={2001}
              >
                2001
              </option>
              <option
                value={2002}
              >
                2002
              </option>
              <option
                value={2003}
              >
                2003
              </option>
              <option
                value={2004}
              >
                2004
              </option>
              <option
                value={2005}
              >
                2005
              </option>
              <option
                value={2006}
              >
                2006
              </option>
              <option
                value={2007}
              >
                2007
              </option>
              <option
                value={2008}
              >
                2008
              </option>
              <option
                value={2009}
              >
                2009
              </option>
              <option
                value={2010}
              >
                2010
              </option>
              <option
                value={2011}
              >
                2011
              </option>
              <option
                value={2012}
              >
                2012
              </option>
              <option
                value={2013}
              >
                2013
              </option>
              <option
                value={2014}
              >
                2014
              </option>
              <option
                value={2015}
              >
                2015
              </option>
              <option
                value={2016}
              >
                2016
              </option>
              <option
                value={2017}
              >
                2017
              </option>
              <option
                value={2018}
              >
                2018
              </option>
              <option
                value={2019}
              >
                2019
              </option>
              <option
                value={2020}
              >
                2020
              </option>
              <option
                value={2021}
              >
                2021
              </option>
            </select>
          </div>
          <div
            className="d-flex align-items-center flex-row mx-5 form-group"
          >
            <label
              className="pr-3 form-label"
              htmlFor="exampleForm.SelectCustom"
            >
              Lauch success
            </label>
            <select
              className="custom-select"
              id="exampleForm.SelectCustom"
              name="successCase"
              onChange={[Function]}
            >
              <option
                value="All"
              >
                All
              </option>
              <option
                value="Yes"
              >
                Yes
              </option>
              <option
                value="No"
              >
                No
              </option>
            </select>
          </div>
        </form>
      </div>
    </div>
  </div>
  <div
    className="d-flex flex-wrap justify-content-center"
  />
</div>
`;
