// Jest Snapshot v1, https://goo.gl/fbAQLP

exports[`About component -  matches the snapshot 1`] = `
<div
  className="m-5"
>
  <p>
    This is a capstone project for React and Redux curriculum in Microverse School. It is designed and implemented by Ramin Mammadzada.
  </p>
  <p>
    I am not affiliated, associated, authorized, endorsed by, or in any way officially connected with Space Exploration Technologies Inc (SpaceX), or any of its subsidiaries or its affiliates. The names SpaceX as well as related names, marks, emblems and images are registered trademarks of their respective owners.
  </p>
</div>
`;
